eth_legacy.c:22:12:__def_eth_init	0	static
eth_legacy.c:41:6:eth_set_current_to_next	0	static
eth_legacy.c:46:6:eth_set_dev	0	static
eth_legacy.c:51:20:eth_get_dev_by_name	16	static
eth_legacy.c:73:20:eth_get_dev_by_index	0	static
eth_legacy.c:93:5:eth_get_dev_index	0	static
eth_legacy.c:133:5:eth_write_hwaddr	32	static
eth_legacy.c:101:12:on_ethaddr	32	static
eth_legacy.c:184:5:eth_register	16	static
eth_legacy.c:208:5:eth_unregister	8	static
eth_legacy.c:237:5:eth_initialize	32	static
eth_legacy.c:340:5:eth_init	16	static
eth_legacy.c:366:6:eth_halt	8	static
eth_legacy.c:376:5:eth_is_active	0	static
eth_legacy.c:381:5:eth_send	4	static
eth_legacy.c:389:5:eth_rx	0	static
